{'id': '95d975ec-0224-4374-b8c6-41287b41d618', 'created_at': datetime.datetime(2023, 7, 31, 4, 46, 24, 335464), 'updated_at': datetime.datetime(2023, 7, 31, 4, 46, 24, 335464)}
